
> armory-back@1.5.0 fetch /
> node ./dist/fetch


== Running with DEV settings. ==


=== Connecting to mysql host: 172.17.0.2 ===


=== Starting server on port 8081.. ===

Couldn't connect to gitter, check the api key. Falling back to console log.

---------------------------------------------------
Started TOKEN_FETCHERS @ Mon Jan 16 2017 06:35:20 GMT+0000 (UTC)!
---------------------------------------------------
    
{}
Couldn't connect to gitter, check the api key. Falling back to console log.

---------------------------------------------------
Started PVP_LEADERBOARD @ Mon Jan 16 2017 06:35:20 GMT+0000 (UTC)!
---------------------------------------------------
    
{}
Couldn't connect to gitter, check the api key. Falling back to console log.

---------------------------------------------------
Finished TOKEN_FETCHERS @ Mon Jan 16 2017 06:35:20 GMT+0000 (UTC)
---------------------------------------------------
  
{}
Couldn't connect to gitter, check the api key. Falling back to console log.

---------------------------------------------------
TOKEN_FETCHERS Errors
---------------------------------------------------
{}
Couldn't connect to gitter, check the api key. Falling back to console log.
No errors!
{}
Couldn't connect to gitter, check the api key. Falling back to console log.

---------------------------------------------------
TOKEN_FETCHERS Summary
---------------------------------------------------
0 errors
0 success
Duration: 0.0008666666666666666mins
---------------------------------------------------
  
{}
[ { apiToken: '23d8c611-007d-4bc2-9bf4-73bad90df8f5',
    naRank: 2108,
    gw2aRank: null },
  { apiToken: '7affa3bd-2aca-48f6-abc9-8be0d3566d1f',
    euRank: 1865,
    gw2aRank: null },
  { apiToken: '4954333d-6f70-44ad-ae9c-6bfe29df59f8',
    naRank: 2071,
    gw2aRank: null },
  { apiToken: 'acd5dd7b-2ebd-4e58-b3f6-db94da799983',
    naRank: 2033,
    gw2aRank: null },
  { apiToken: 'd3ab74e8-2600-4c15-97ce-8baa6310b600',
    naRank: 2029,
    gw2aRank: null },
  { apiToken: '402078c2-82ac-47f8-98b1-7f9929ffc110',
    naRank: 2011,
    gw2aRank: null },
  { apiToken: 'b01d672a-b3b1-401e-8df4-44f2262c80e0',
    naRank: 2009,
    gw2aRank: null },
  { apiToken: '2848e9d5-b61b-4b63-b2ba-47d180b713bd',
    naRank: 2003,
    gw2aRank: null },
  { apiToken: '242cc892-4a4f-4012-b1a1-2c85dfb71514',
    naRank: 2000,
    gw2aRank: null },
  { apiToken: '8dd3d99b-7851-4fd7-b6c7-2403b5022613',
    naRank: 1991,
    gw2aRank: null },
  { apiToken: 'ba191ce5-a1eb-451e-8d49-b7aff83d25b2',
    naRank: 1987,
    gw2aRank: null },
  { apiToken: '3b264665-4062-49fb-b0f1-f367c51214dd',
    naRank: 1975,
    gw2aRank: null },
  { apiToken: 'c3eaa155-b245-475f-b11c-c0a3e37902de',
    naRank: 1967,
    gw2aRank: null },
  { apiToken: '44949d81-e737-4084-b12a-bfbed6da2f23',
    naRank: 1965,
    gw2aRank: null },
  { apiToken: '488cc876-a624-447b-8ea2-d1a0943152f9',
    naRank: 1962,
    gw2aRank: null },
  { apiToken: 'e131d480-6162-425f-a296-44c9ff72aeca',
    naRank: 1952,
    gw2aRank: null },
  { apiToken: '5ba33edc-3e76-4e54-8dcc-40556ab5deec',
    naRank: 1951,
    gw2aRank: null },
  { apiToken: 'db931a2f-333f-49b1-a055-b21e516058d9',
    naRank: 1951,
    gw2aRank: null },
  { apiToken: 'd87297b2-514f-4c55-8ddb-6233d00be3bd',
    naRank: 1950,
    gw2aRank: null },
  { apiToken: 'dc97e703-bc3e-4e1d-863c-171629bbe82c',
    naRank: 1950,
    gw2aRank: null },
  { apiToken: 'b7fb7d00-98c6-4cc9-b257-7be281cc6810',
    naRank: 1940,
    gw2aRank: null },
  { apiToken: '17c633e5-e112-402e-9e25-5193cd3508a4',
    naRank: 1939,
    gw2aRank: null },
  { apiToken: '21faddd9-ca43-4611-bfea-f5cb410ce496',
    naRank: 1936,
    gw2aRank: null },
  { apiToken: 'e37f6f02-3ebb-49ff-8733-14f466936f14',
    naRank: 1936,
    gw2aRank: null },
  { apiToken: 'b1487344-f15c-4aa1-a1d5-1b9bbeccc0ae',
    naRank: 1932,
    gw2aRank: null },
  { apiToken: 'd751f521-b066-470f-aad9-e2c460ec6a9d',
    naRank: 1932,
    gw2aRank: null },
  { apiToken: 'e3904c75-ff41-46ef-8296-2b44e6814fbc',
    naRank: 1924,
    gw2aRank: null },
  { apiToken: '7694d00c-7dcf-4a2e-b79a-ed8345ba5d49',
    naRank: 1924,
    gw2aRank: null },
  { apiToken: '8a950e8e-5f02-4053-af16-e2755a54cf60',
    naRank: 1923,
    gw2aRank: null },
  { apiToken: 'bb797cce-3f21-47c7-887d-200f23e2611a',
    naRank: 1917,
    gw2aRank: null },
  { apiToken: '68c36b65-654f-4601-9c46-cd6f0681b781',
    naRank: 1911,
    gw2aRank: null },
  { apiToken: 'f8467cb1-dd63-4a11-a68d-13f0ec1d16bc',
    naRank: 1907,
    gw2aRank: null },
  { apiToken: '724f6d87-7859-4aa3-bde4-cab48bf16acd',
    naRank: 1906,
    gw2aRank: null },
  { apiToken: '4a029415-1527-48d8-b6c7-da5e540c063f',
    naRank: 1905,
    gw2aRank: null },
  { apiToken: 'a42b32fc-b1e7-45fa-933f-e15de6bf72e9',
    naRank: 1905,
    gw2aRank: null },
  { apiToken: 'ee713e23-b949-43f0-9472-db81483bdf18',
    naRank: 1904,
    gw2aRank: null },
  { apiToken: 'bfc79036-db7b-4d54-88c6-7bd23e3ba817',
    naRank: 1901,
    gw2aRank: null },
  { apiToken: 'd266db2a-bc49-4c6e-8771-f13a0104b86d',
    naRank: 1900,
    gw2aRank: null },
  { apiToken: '7b4fa3c3-9731-4f25-b620-56f8790fd370',
    naRank: 1896,
    gw2aRank: null },
  { apiToken: '11e2f677-3cb7-47cf-bffe-c1352556321d',
    naRank: 1891,
    gw2aRank: null },
  { apiToken: '6f91b0f6-375d-458a-a797-6f847a8c42ea',
    naRank: 1890,
    gw2aRank: null },
  { apiToken: '02d7a34c-0d65-4c9b-a3a0-25c393cdba95',
    naRank: 1885,
    gw2aRank: null },
  { apiToken: '1debf2a7-2557-4adc-ac7c-1685a2579a6b',
    naRank: 1884,
    gw2aRank: null },
  { apiToken: '7d4eca68-8358-4b6e-b5e3-dff935bc38ab',
    naRank: 1883,
    gw2aRank: null },
  { apiToken: '02dfc8f2-8d4f-4e89-aec3-77852794333a',
    naRank: 1882,
    gw2aRank: null },
  { apiToken: 'ea48f3f0-4269-4b38-a43f-0b006a360446',
    naRank: 1879,
    euRank: 1894,
    gw2aRank: null },
  { apiToken: '0c534a6a-87f0-4874-9b70-4d41228398fc',
    naRank: 1879,
    gw2aRank: null },
  { apiToken: '66561ef7-aa10-4cc3-b95c-62115b91ad60',
    naRank: 1878,
    gw2aRank: null },
  { apiToken: 'b282954a-4798-4120-94fa-36d0dabc773c',
    naRank: 1876,
    gw2aRank: null },
  { apiToken: 'a1db4ee2-02c2-4418-812c-6219009d9198',
    naRank: 1875,
    gw2aRank: null },
  { apiToken: '1d95d87e-cdf2-40b2-8e45-c3841824c3c9',
    naRank: 1874,
    gw2aRank: null },
  { apiToken: 'c2c582de-65b4-492a-8e06-c075833ee4aa',
    naRank: 1873,
    gw2aRank: null },
  { apiToken: '964d24cd-a9f1-4e8b-8294-94680f4cf466',
    naRank: 1873,
    gw2aRank: null },
  { apiToken: '2d706219-b04f-4157-ae78-fd923b0b4c46',
    naRank: 1866,
    gw2aRank: null },
  { apiToken: 'fdd76529-fbd9-4ddb-b16a-20a9bf21e80e',
    naRank: 1865,
    gw2aRank: null },
  { apiToken: 'c27ef30b-99b1-4c2e-a41f-b05ac027bea1',
    naRank: 1864,
    gw2aRank: null },
  { apiToken: 'e3862896-0c2d-4bb0-9ec7-120c31e93dfc',
    naRank: 1864,
    gw2aRank: null },
  { apiToken: '8f2bc05e-fa70-42ec-821b-d6951d0ec4f0',
    naRank: 1864,
    gw2aRank: null },
  { apiToken: 'd10a0198-9eae-47ea-a68f-c46ca5adb53d',
    naRank: 1864,
    gw2aRank: null },
  { apiToken: 'ae7cfb09-9d4b-4944-a7ee-d3ef7be15c9a',
    naRank: 1860,
    gw2aRank: null },
  { apiToken: '0089994d-6d84-43ae-b2a7-bebb91faec79',
    naRank: 1859,
    gw2aRank: null },
  { apiToken: '85f4a126-58c6-4539-b5d4-cfb70fd11396',
    naRank: 1858,
    gw2aRank: null },
  { apiToken: '851d3638-d57d-4fa0-9bfd-fcdb705f4ce9',
    naRank: 1857,
    gw2aRank: null },
  { apiToken: '1fa7fa85-a8c8-4497-9ddc-2e187658f8b8',
    naRank: 1856,
    gw2aRank: null },
  { apiToken: '5307d17e-e334-4fdd-bc1c-96792e8589f8',
    naRank: 1855,
    gw2aRank: null },
  { apiToken: 'd17de5c6-b55a-4bc8-9471-8fdf94ad71a0',
    naRank: 1852,
    gw2aRank: null },
  { apiToken: '41b57145-b8db-4a9b-bf2f-5c8d14d541f5',
    naRank: 1851,
    gw2aRank: null },
  { apiToken: 'f82ba39f-7446-49c8-9dbf-9f110af9fbec',
    naRank: 1851,
    gw2aRank: null },
  { apiToken: '5b791e54-f8fe-4c9c-a2e9-ae2bb68f06bb',
    naRank: 1851,
    gw2aRank: null },
  { apiToken: '9fa843b9-fb54-438e-8057-c1edff9f1be5',
    naRank: 1849,
    gw2aRank: null },
  { apiToken: '28e104b0-8532-49b5-9fb8-430eb1a0a84b',
    naRank: 1848,
    gw2aRank: null },
  { apiToken: 'b3fa52bf-4161-4598-8edf-70f84862b595',
    naRank: 1848,
    gw2aRank: null },
  { apiToken: 'ca9b3739-62c1-4c3a-9ae4-f066f5ef4d41',
    naRank: 1847,
    gw2aRank: null },
  { apiToken: 'b6673460-b2ee-4ff4-bcf1-74f30624ec2c',
    naRank: 1846,
    gw2aRank: null },
  { apiToken: 'c68f5cc3-8aaa-4639-ba3b-3ead5a320b61',
    naRank: 1845,
    gw2aRank: null },
  { apiToken: 'bde9d22b-5094-4d46-88ac-53d60bf57fc7',
    naRank: 1845,
    gw2aRank: null },
  { apiToken: 'bad25ae8-5ae7-40fa-bd4d-4985ddb1019f',
    naRank: 1843,
    gw2aRank: null },
  { apiToken: 'da2d8b5d-81ca-4adc-901b-fa9d5062e487',
    naRank: 1843,
    gw2aRank: null },
  { apiToken: '9269f5d1-8c2e-4163-8b61-f88bb4517389',
    naRank: 1842,
    gw2aRank: null },
  { apiToken: 'a4d6ec95-5fd0-4cd8-9eea-82e1303c5ff1',
    naRank: 1840,
    gw2aRank: null },
  { apiToken: 'ced49f7a-fa54-4c5d-a915-f49e8faee369',
    naRank: 1840,
    gw2aRank: null },
  { apiToken: '2d4ecac3-8191-4180-9a03-71cdba3e9f0e',
    naRank: 1839,
    gw2aRank: null },
  { apiToken: '74f24972-9638-4919-8d20-a73c6a70d21b',
    naRank: 1839,
    gw2aRank: null },
  { apiToken: 'a626515e-a350-4063-a1bf-3a0876744984',
    naRank: 1839,
    gw2aRank: null },
  { apiToken: '5110b0fb-0718-4edf-bdc8-5881e00f2dc2',
    naRank: 1837,
    gw2aRank: null },
  { apiToken: '7e34b511-5027-4baf-8a27-7eeaae509f10',
    naRank: 1836,
    gw2aRank: null },
  { apiToken: 'e8d6b8a4-3e5c-4aaf-856d-c9d0509862b1',
    naRank: 1836,
    gw2aRank: null },
  { apiToken: '27c87d87-1628-41d1-9cf3-2b07cac8a21e',
    naRank: 1834,
    gw2aRank: null },
  { apiToken: '08f6d464-7c05-4e1e-9761-1e9725914818',
    naRank: 1833,
    gw2aRank: null },
  { apiToken: '367c3aac-57f0-4529-9a58-5c6ffe086ec5',
    naRank: 1832,
    gw2aRank: null },
  { apiToken: '14678c1a-d729-47cb-92d8-03cb95a4d5ec',
    naRank: 1832,
    gw2aRank: null },
  { apiToken: 'f49c29c6-a61a-4187-9284-4030c178f362',
    naRank: 1831,
    gw2aRank: null },
  { apiToken: 'c0e14d1c-671a-4cf7-ad40-0f699d2712bb',
    naRank: 1827,
    gw2aRank: null },
  { apiToken: '748c95dd-3301-4420-9303-cba587738c6e',
    naRank: 1827,
    gw2aRank: null },
  { apiToken: '31760b25-d31f-4236-bd70-db984e65fa96',
    naRank: 1827,
    gw2aRank: null },
  { apiToken: '070aae78-025e-4022-965b-fb46a624ea5a',
    naRank: 1827,
    gw2aRank: null },
  { apiToken: '16253a53-345a-47e7-8fa6-f8ae3d1548da',
    naRank: 1827,
    gw2aRank: null },
  { apiToken: 'b94b3c5f-59b2-42f6-8c41-92d34252e303',
    naRank: 1826,
    gw2aRank: null },
  { apiToken: 'd3fcb13e-3a56-424c-96d3-f2d3d3b5e1d9',
    naRank: 1825,
    gw2aRank: null },
  { apiToken: 'c100ccd4-8246-4bcb-9167-4a0cac9ec184',
    naRank: 1825,
    gw2aRank: null },
  ... 291 more items ]
Couldn't connect to gitter, check the api key. Falling back to console log.

---------------------------------------------------
Started TOKEN_FETCHERS @ Mon Jan 16 2017 06:36:20 GMT+0000 (UTC)!
---------------------------------------------------
    
{}
Couldn't connect to gitter, check the api key. Falling back to console log.

---------------------------------------------------
Started PVP_LEADERBOARD @ Mon Jan 16 2017 06:36:20 GMT+0000 (UTC)!
---------------------------------------------------
    
{}
Couldn't connect to gitter, check the api key. Falling back to console log.

---------------------------------------------------
Finished TOKEN_FETCHERS @ Mon Jan 16 2017 06:36:20 GMT+0000 (UTC)
---------------------------------------------------
  
{}
Couldn't connect to gitter, check the api key. Falling back to console log.

---------------------------------------------------
TOKEN_FETCHERS Errors
---------------------------------------------------
{}
Couldn't connect to gitter, check the api key. Falling back to console log.
No errors!
{}
Couldn't connect to gitter, check the api key. Falling back to console log.

---------------------------------------------------
TOKEN_FETCHERS Summary
---------------------------------------------------
0 errors
0 success
Duration: 0.00038333333333333334mins
---------------------------------------------------
  
{}
[ { apiToken: '23d8c611-007d-4bc2-9bf4-73bad90df8f5',
    naRank: 2108,
    gw2aRank: null },
  { apiToken: '7affa3bd-2aca-48f6-abc9-8be0d3566d1f',
    euRank: 1865,
    gw2aRank: null },
  { apiToken: '4954333d-6f70-44ad-ae9c-6bfe29df59f8',
    naRank: 2071,
    gw2aRank: null },
  { apiToken: 'acd5dd7b-2ebd-4e58-b3f6-db94da799983',
    naRank: 2033,
    gw2aRank: null },
  { apiToken: 'd3ab74e8-2600-4c15-97ce-8baa6310b600',
    naRank: 2029,
    gw2aRank: null },
  { apiToken: '402078c2-82ac-47f8-98b1-7f9929ffc110',
    naRank: 2011,
    gw2aRank: null },
  { apiToken: 'b01d672a-b3b1-401e-8df4-44f2262c80e0',
    naRank: 2009,
    gw2aRank: null },
  { apiToken: '2848e9d5-b61b-4b63-b2ba-47d180b713bd',
    naRank: 2003,
    gw2aRank: null },
  { apiToken: '242cc892-4a4f-4012-b1a1-2c85dfb71514',
    naRank: 2000,
    gw2aRank: null },
  { apiToken: '8dd3d99b-7851-4fd7-b6c7-2403b5022613',
    naRank: 1991,
    gw2aRank: null },
  { apiToken: 'ba191ce5-a1eb-451e-8d49-b7aff83d25b2',
    naRank: 1987,
    gw2aRank: null },
  { apiToken: '3b264665-4062-49fb-b0f1-f367c51214dd',
    naRank: 1975,
    gw2aRank: null },
  { apiToken: 'c3eaa155-b245-475f-b11c-c0a3e37902de',
    naRank: 1967,
    gw2aRank: null },
  { apiToken: '44949d81-e737-4084-b12a-bfbed6da2f23',
    naRank: 1965,
    gw2aRank: null },
  { apiToken: '488cc876-a624-447b-8ea2-d1a0943152f9',
    naRank: 1962,
    gw2aRank: null },
  { apiToken: 'e131d480-6162-425f-a296-44c9ff72aeca',
    naRank: 1952,
    gw2aRank: null },
  { apiToken: '5ba33edc-3e76-4e54-8dcc-40556ab5deec',
    naRank: 1951,
    gw2aRank: null },
  { apiToken: 'db931a2f-333f-49b1-a055-b21e516058d9',
    naRank: 1951,
    gw2aRank: null },
  { apiToken: 'd87297b2-514f-4c55-8ddb-6233d00be3bd',
    naRank: 1950,
    gw2aRank: null },
  { apiToken: 'dc97e703-bc3e-4e1d-863c-171629bbe82c',
    naRank: 1950,
    gw2aRank: null },
  { apiToken: 'b7fb7d00-98c6-4cc9-b257-7be281cc6810',
    naRank: 1940,
    gw2aRank: null },
  { apiToken: '17c633e5-e112-402e-9e25-5193cd3508a4',
    naRank: 1939,
    gw2aRank: null },
  { apiToken: '21faddd9-ca43-4611-bfea-f5cb410ce496',
    naRank: 1936,
    gw2aRank: null },
  { apiToken: 'e37f6f02-3ebb-49ff-8733-14f466936f14',
    naRank: 1936,
    gw2aRank: null },
  { apiToken: 'b1487344-f15c-4aa1-a1d5-1b9bbeccc0ae',
    naRank: 1932,
    gw2aRank: null },
  { apiToken: 'd751f521-b066-470f-aad9-e2c460ec6a9d',
    naRank: 1932,
    gw2aRank: null },
  { apiToken: 'e3904c75-ff41-46ef-8296-2b44e6814fbc',
    naRank: 1924,
    gw2aRank: null },
  { apiToken: '7694d00c-7dcf-4a2e-b79a-ed8345ba5d49',
    naRank: 1924,
    gw2aRank: null },
  { apiToken: '8a950e8e-5f02-4053-af16-e2755a54cf60',
    naRank: 1923,
    gw2aRank: null },
  { apiToken: 'bb797cce-3f21-47c7-887d-200f23e2611a',
    naRank: 1917,
    gw2aRank: null },
  { apiToken: '68c36b65-654f-4601-9c46-cd6f0681b781',
    naRank: 1911,
    gw2aRank: null },
  { apiToken: 'f8467cb1-dd63-4a11-a68d-13f0ec1d16bc',
    naRank: 1907,
    gw2aRank: null },
  { apiToken: '724f6d87-7859-4aa3-bde4-cab48bf16acd',
    naRank: 1906,
    gw2aRank: null },
  { apiToken: '4a029415-1527-48d8-b6c7-da5e540c063f',
    naRank: 1905,
    gw2aRank: null },
  { apiToken: 'a42b32fc-b1e7-45fa-933f-e15de6bf72e9',
    naRank: 1905,
    gw2aRank: null },
  { apiToken: 'ee713e23-b949-43f0-9472-db81483bdf18',
    naRank: 1904,
    gw2aRank: null },
  { apiToken: 'bfc79036-db7b-4d54-88c6-7bd23e3ba817',
    naRank: 1901,
    gw2aRank: null },
  { apiToken: 'd266db2a-bc49-4c6e-8771-f13a0104b86d',
    naRank: 1900,
    gw2aRank: null },
  { apiToken: '7b4fa3c3-9731-4f25-b620-56f8790fd370',
    naRank: 1896,
    gw2aRank: null },
  { apiToken: '11e2f677-3cb7-47cf-bffe-c1352556321d',
    naRank: 1891,
    gw2aRank: null },
  { apiToken: '6f91b0f6-375d-458a-a797-6f847a8c42ea',
    naRank: 1890,
    gw2aRank: null },
  { apiToken: '02d7a34c-0d65-4c9b-a3a0-25c393cdba95',
    naRank: 1885,
    gw2aRank: null },
  { apiToken: '1debf2a7-2557-4adc-ac7c-1685a2579a6b',
    naRank: 1884,
    gw2aRank: null },
  { apiToken: '7d4eca68-8358-4b6e-b5e3-dff935bc38ab',
    naRank: 1883,
    gw2aRank: null },
  { apiToken: '02dfc8f2-8d4f-4e89-aec3-77852794333a',
    naRank: 1882,
    gw2aRank: null },
  { apiToken: 'ea48f3f0-4269-4b38-a43f-0b006a360446',
    naRank: 1879,
    euRank: 1894,
    gw2aRank: null },
  { apiToken: '0c534a6a-87f0-4874-9b70-4d41228398fc',
    naRank: 1879,
    gw2aRank: null },
  { apiToken: '66561ef7-aa10-4cc3-b95c-62115b91ad60',
    naRank: 1878,
    gw2aRank: null },
  { apiToken: 'b282954a-4798-4120-94fa-36d0dabc773c',
    naRank: 1876,
    gw2aRank: null },
  { apiToken: 'a1db4ee2-02c2-4418-812c-6219009d9198',
    naRank: 1875,
    gw2aRank: null },
  { apiToken: '1d95d87e-cdf2-40b2-8e45-c3841824c3c9',
    naRank: 1874,
    gw2aRank: null },
  { apiToken: 'c2c582de-65b4-492a-8e06-c075833ee4aa',
    naRank: 1873,
    gw2aRank: null },
  { apiToken: '964d24cd-a9f1-4e8b-8294-94680f4cf466',
    naRank: 1873,
    gw2aRank: null },
  { apiToken: '2d706219-b04f-4157-ae78-fd923b0b4c46',
    naRank: 1866,
    gw2aRank: null },
  { apiToken: 'fdd76529-fbd9-4ddb-b16a-20a9bf21e80e',
    naRank: 1865,
    gw2aRank: null },
  { apiToken: 'c27ef30b-99b1-4c2e-a41f-b05ac027bea1',
    naRank: 1864,
    gw2aRank: null },
  { apiToken: 'e3862896-0c2d-4bb0-9ec7-120c31e93dfc',
    naRank: 1864,
    gw2aRank: null },
  { apiToken: '8f2bc05e-fa70-42ec-821b-d6951d0ec4f0',
    naRank: 1864,
    gw2aRank: null },
  { apiToken: 'd10a0198-9eae-47ea-a68f-c46ca5adb53d',
    naRank: 1864,
    gw2aRank: null },
  { apiToken: 'ae7cfb09-9d4b-4944-a7ee-d3ef7be15c9a',
    naRank: 1860,
    gw2aRank: null },
  { apiToken: '0089994d-6d84-43ae-b2a7-bebb91faec79',
    naRank: 1859,
    gw2aRank: null },
  { apiToken: '85f4a126-58c6-4539-b5d4-cfb70fd11396',
    naRank: 1858,
    gw2aRank: null },
  { apiToken: '851d3638-d57d-4fa0-9bfd-fcdb705f4ce9',
    naRank: 1857,
    gw2aRank: null },
  { apiToken: '1fa7fa85-a8c8-4497-9ddc-2e187658f8b8',
    naRank: 1856,
    gw2aRank: null },
  { apiToken: '5307d17e-e334-4fdd-bc1c-96792e8589f8',
    naRank: 1855,
    gw2aRank: null },
  { apiToken: 'd17de5c6-b55a-4bc8-9471-8fdf94ad71a0',
    naRank: 1852,
    gw2aRank: null },
  { apiToken: '41b57145-b8db-4a9b-bf2f-5c8d14d541f5',
    naRank: 1851,
    gw2aRank: null },
  { apiToken: 'f82ba39f-7446-49c8-9dbf-9f110af9fbec',
    naRank: 1851,
    gw2aRank: null },
  { apiToken: '5b791e54-f8fe-4c9c-a2e9-ae2bb68f06bb',
    naRank: 1851,
    gw2aRank: null },
  { apiToken: '9fa843b9-fb54-438e-8057-c1edff9f1be5',
    naRank: 1849,
    gw2aRank: null },
  { apiToken: '28e104b0-8532-49b5-9fb8-430eb1a0a84b',
    naRank: 1848,
    gw2aRank: null },
  { apiToken: 'b3fa52bf-4161-4598-8edf-70f84862b595',
    naRank: 1848,
    gw2aRank: null },
  { apiToken: 'ca9b3739-62c1-4c3a-9ae4-f066f5ef4d41',
    naRank: 1847,
    gw2aRank: null },
  { apiToken: 'b6673460-b2ee-4ff4-bcf1-74f30624ec2c',
    naRank: 1846,
    gw2aRank: null },
  { apiToken: 'c68f5cc3-8aaa-4639-ba3b-3ead5a320b61',
    naRank: 1845,
    gw2aRank: null },
  { apiToken: 'bde9d22b-5094-4d46-88ac-53d60bf57fc7',
    naRank: 1845,
    gw2aRank: null },
  { apiToken: 'bad25ae8-5ae7-40fa-bd4d-4985ddb1019f',
    naRank: 1843,
    gw2aRank: null },
  { apiToken: 'da2d8b5d-81ca-4adc-901b-fa9d5062e487',
    naRank: 1843,
    gw2aRank: null },
  { apiToken: '9269f5d1-8c2e-4163-8b61-f88bb4517389',
    naRank: 1842,
    gw2aRank: null },
  { apiToken: 'a4d6ec95-5fd0-4cd8-9eea-82e1303c5ff1',
    naRank: 1840,
    gw2aRank: null },
  { apiToken: 'ced49f7a-fa54-4c5d-a915-f49e8faee369',
    naRank: 1840,
    gw2aRank: null },
  { apiToken: '2d4ecac3-8191-4180-9a03-71cdba3e9f0e',
    naRank: 1839,
    gw2aRank: null },
  { apiToken: '74f24972-9638-4919-8d20-a73c6a70d21b',
    naRank: 1839,
    gw2aRank: null },
  { apiToken: 'a626515e-a350-4063-a1bf-3a0876744984',
    naRank: 1839,
    gw2aRank: null },
  { apiToken: '5110b0fb-0718-4edf-bdc8-5881e00f2dc2',
    naRank: 1837,
    gw2aRank: null },
  { apiToken: '7e34b511-5027-4baf-8a27-7eeaae509f10',
    naRank: 1836,
    gw2aRank: null },
  { apiToken: 'e8d6b8a4-3e5c-4aaf-856d-c9d0509862b1',
    naRank: 1836,
    gw2aRank: null },
  { apiToken: '27c87d87-1628-41d1-9cf3-2b07cac8a21e',
    naRank: 1834,
    gw2aRank: null },
  { apiToken: '08f6d464-7c05-4e1e-9761-1e9725914818',
    naRank: 1833,
    gw2aRank: null },
  { apiToken: '367c3aac-57f0-4529-9a58-5c6ffe086ec5',
    naRank: 1832,
    gw2aRank: null },
  { apiToken: '14678c1a-d729-47cb-92d8-03cb95a4d5ec',
    naRank: 1832,
    gw2aRank: null },
  { apiToken: 'f49c29c6-a61a-4187-9284-4030c178f362',
    naRank: 1831,
    gw2aRank: null },
  { apiToken: 'c0e14d1c-671a-4cf7-ad40-0f699d2712bb',
    naRank: 1827,
    gw2aRank: null },
  { apiToken: '748c95dd-3301-4420-9303-cba587738c6e',
    naRank: 1827,
    gw2aRank: null },
  { apiToken: '31760b25-d31f-4236-bd70-db984e65fa96',
    naRank: 1827,
    gw2aRank: null },
  { apiToken: '070aae78-025e-4022-965b-fb46a624ea5a',
    naRank: 1827,
    gw2aRank: null },
  { apiToken: '16253a53-345a-47e7-8fa6-f8ae3d1548da',
    naRank: 1827,
    gw2aRank: null },
  { apiToken: 'b94b3c5f-59b2-42f6-8c41-92d34252e303',
    naRank: 1826,
    gw2aRank: null },
  { apiToken: 'd3fcb13e-3a56-424c-96d3-f2d3d3b5e1d9',
    naRank: 1825,
    gw2aRank: null },
  { apiToken: 'c100ccd4-8246-4bcb-9167-4a0cac9ec184',
    naRank: 1825,
    gw2aRank: null },
  ... 291 more items ]
